// Jest Snapshot v1, https://goo.gl/fbAQLP

exports[`should take a snapshot 1`] = `
<DocumentFragment>
  <div
    class="App"
  >
    <h1>
      Testing Updated
    </h1>
    <h2>
      Testing pass because code updated
    </h2>
  </div>
</DocumentFragment>
`;
